  Determining projects to restore...
  All projects are up-to-date for restore.
  Ignixa.Abstractions -> E:\data\src\fhir-server-contrib\src\Ignixa.Abstractions\bin\Debug\net9.0\Ignixa.Abstractions.dll
  Ignixa.Extensions.FirelySdk -> E:\data\src\fhir-server-contrib\src\Ignixa.Extensions.FirelySdk\bin\Debug\net9.0\Ignixa.Extensions.FirelySdk.dll
  Ignixa.PackageManagement -> E:\data\src\fhir-server-contrib\src\Ignixa.PackageManagement\bin\Debug\net9.0\Ignixa.PackageManagement.dll
  Ignixa.PackageManagement.Tests -> E:\data\src\fhir-server-contrib\test\Ignixa.PackageManagement.Tests\bin\Debug\net9.0\Ignixa.PackageManagement.Tests.dll
  Ignixa.Serialization -> E:\data\src\fhir-server-contrib\src\Ignixa.Serialization\bin\Debug\net9.0\Ignixa.Serialization.dll
  Ignixa.FhirPath -> E:\data\src\fhir-server-contrib\src\Ignixa.FhirPath\bin\Debug\net9.0\Ignixa.FhirPath.dll
  Ignixa.Domain -> E:\data\src\fhir-server-contrib\src\Ignixa.Domain\bin\Debug\net9.0\Ignixa.Domain.dll
  Ignixa.DataLayer.InMemoryIndex -> E:\data\src\fhir-server-contrib\src\Ignixa.DataLayer.InMemoryIndex\bin\Debug\net9.0\Ignixa.DataLayer.InMemoryIndex.dll
  Ignixa.FhirMappingLanguage -> E:\data\src\fhir-server-contrib\src\Ignixa.FhirMappingLanguage\bin\Debug\net9.0\Ignixa.FhirMappingLanguage.dll
  Ignixa.DataLayer.BlobStorage -> E:\data\src\fhir-server-contrib\src\Ignixa.DataLayer.BlobStorage\bin\Debug\net9.0\Ignixa.DataLayer.BlobStorage.dll
  Ignixa.SqlOnFhir -> E:\data\src\fhir-server-contrib\src\Ignixa.SqlOnFhir\bin\Debug\net9.0\Ignixa.SqlOnFhir.dll
  Ignixa.FhirMappingLanguage.Tests -> E:\data\src\fhir-server-contrib\test\Ignixa.FhirMappingLanguage.Tests\bin\Debug\net9.0\Ignixa.FhirMappingLanguage.Tests.dll
  Ignixa.Specification -> E:\data\src\fhir-server-contrib\src\Ignixa.Specification\bin\Debug\net9.0\Ignixa.Specification.dll
  Ignixa.SqlOnFhir.Tests -> E:\data\src\fhir-server-contrib\test\Ignixa.SqlOnFhir.Tests\bin\Debug\net9.0\Ignixa.SqlOnFhir.Tests.dll
  Ignixa.FhirPath.Tests -> E:\data\src\fhir-server-contrib\test\Ignixa.FhirPath.Tests\bin\Debug\net9.0\Ignixa.FhirPath.Tests.dll
  Ignixa.Serialization.Tests -> E:\data\src\fhir-server-contrib\test\Ignixa.Serialization.Tests\bin\Debug\net9.0\Ignixa.Serialization.Tests.dll
  Ignixa.Validation -> E:\data\src\fhir-server-contrib\src\Ignixa.Validation\bin\Debug\net9.0\Ignixa.Validation.dll
  Ignixa.Search -> E:\data\src\fhir-server-contrib\src\Ignixa.Search\bin\Debug\net9.0\Ignixa.Search.dll
  Ignixa.Validation.Tests -> E:\data\src\fhir-server-contrib\test\Ignixa.Validation.Tests\bin\Debug\net9.0\Ignixa.Validation.Tests.dll
  Ignixa.DataLayer.FileSystem -> E:\data\src\fhir-server-contrib\src\Ignixa.DataLayer.FileSystem\bin\Debug\net9.0\Ignixa.DataLayer.FileSystem.dll
  Ignixa.Application -> E:\data\src\fhir-server-contrib\src\Ignixa.Application\bin\Debug\net9.0\Ignixa.Application.dll
  Ignixa.Application.Operations -> E:\data\src\fhir-server-contrib\src\Ignixa.Application.Operations\bin\Debug\net9.0\Ignixa.Application.Operations.dll
  Ignixa.Benchmarks -> E:\data\src\fhir-server-contrib\bench\Ignixa.Benchmarks\bin\Debug\net9.0\Ignixa.Benchmarks.dll
  Ignixa.Application.Tests -> E:\data\src\fhir-server-contrib\test\Ignixa.Application.Tests\bin\Debug\net9.0\Ignixa.Application.Tests.dll
  Ignixa.DataLayer.SqlEntityFramework -> E:\data\src\fhir-server-contrib\src\Ignixa.DataLayer.SqlEntityFramework\bin\Debug\net9.0\Ignixa.DataLayer.SqlEntityFramework.dll
  Ignixa.Application.BackgroundOperations -> E:\data\src\fhir-server-contrib\src\Ignixa.Application.BackgroundOperations\bin\Debug\net9.0\Ignixa.Application.BackgroundOperations.dll
  Ignixa.Api -> E:\data\src\fhir-server-contrib\src\Ignixa.Api\bin\Debug\net9.0\Ignixa.Api.dll
  Ignixa.Api.Tests -> E:\data\src\fhir-server-contrib\test\Ignixa.Api.Tests\bin\Debug\net9.0\Ignixa.Api.Tests.dll

Build succeeded.
    0 Warning(s)
    0 Error(s)

Time Elapsed 00:00:36.66
